// Jest Snapshot v1, https://goo.gl/fbAQLP

exports[`reactSerializer 1`] = `
.a0 {
  font-size: 14px;
  padding: 16px;
  background: #ccc;
  color: #123;
  overflow: auto;
}
.a1 {
  max-width: 900px;
}
.a1:hover {
  background: #fff;
}
.a3 {
  -webkit-flex: 1;
  -ms-flex: 1;
  flex: 1;
}

<div
  className="a1"
>
  <pre
    className="a0 a3"
  >
    <code
      className="a3"
    >
      test react
    </code>
  </pre>
</div>
`;
